// Jest Snapshot v1, https://goo.gl/fbAQLP

exports[`shallows correctly 1`] = `
<ContextConsumer>
  <Component />
</ContextConsumer>
`;
